C51 COMPILER V9.60.7.0   MAIN                                                              07/06/2023 23:51:59 PAGE 1   


C51 COMPILER V9.60.7.0, COMPILATION OF MODULE MAIN
OBJECT MODULE PLACED IN .\Objects\main.obj
COMPILER INVOKED BY: D:\keil5\C51\BIN\C51.EXE main.c OPTIMIZE(8,SPEED) BROWSE DEBUG OBJECTEXTEND PRINT(.\Listings\main.l
                    -st) OBJECT(.\Objects\main.obj)

line level    source

   1          #include <REGX52.H>
   2          
   3          
   4          void Delay(unsigned int xms)            //@12.000MHz
   5          {
   6   1              unsigned char i, j;
   7   1          while(xms)
   8   1          {
   9   2              i = 2;
  10   2              j = 239;
  11   2              do
  12   2              {
  13   3                  while (--j);
  14   3              } while (--i);
  15   2              xms--;
  16   2          }
  17   1      }
  18          
  19          int main()
  20          {
  21   1          while(1)
  22   1          {
  23   2      //        P2_0 = 0;
  24   2      //        Delay(500);
  25   2      //        P2_0 = 1;
  26   2      //        Delay(500);
  27   2              if(P3_1 == 0)
  28   2              {
  29   3                  Delay(20);//消抖
  30   3                  while(P3_1 == 0)//检测按钮按下
  31   3                  {
  32   4                      
  33   4                  }
  34   3                  Delay(20);
  35   3                  
  36   3                  P2_0 = ~P2_0;
  37   3                  
  38   3              }
  39   2          }
  40   1      }


MODULE INFORMATION:   STATIC OVERLAYABLE
   CODE SIZE        =     44    ----
   CONSTANT SIZE    =   ----    ----
   XDATA SIZE       =   ----    ----
   PDATA SIZE       =   ----    ----
   DATA SIZE        =   ----    ----
   IDATA SIZE       =   ----    ----
   BIT SIZE         =   ----    ----
END OF MODULE INFORMATION.


C51 COMPILATION COMPLETE.  0 WARNING(S),  0 ERROR(S)
